src/admin/admin.service.spec.ts(2,30): error TS2307: Cannot find module './admin.service' or its corresponding type declarations.
src/admin/interfaces/admin.interface.ts(1,48): error TS2307: Cannot find module '../dto' or its corresponding type declarations.
src/admin/interfaces/admin.interface.ts(2,23): error TS2307: Cannot find module '@prisma/client' or its corresponding type declarations.
src/admin/services/admin.service.ts(7,23): error TS2307: Cannot find module '@prisma/client' or its corresponding type declarations.
src/admin/services/admin.service.ts(18,28): error TS2339: Property 'admin' does not exist on type 'PrismaService'.
src/admin/services/admin.service.ts(29,28): error TS2339: Property 'admin' does not exist on type 'PrismaService'.
src/admin/services/admin.service.ts(35,41): error TS2339: Property 'admin' does not exist on type 'PrismaService'.
src/admin/services/admin.service.ts(52,28): error TS2339: Property 'admin' does not exist on type 'PrismaService'.
src/admin/services/admin.service.ts(63,27): error TS2339: Property 'admin' does not exist on type 'PrismaService'.
src/prisma/prisma.service.ts(2,30): error TS2307: Cannot find module '@prisma/client' or its corresponding type declarations.
src/prisma/prisma.service.ts(7,20): error TS2339: Property '$connect' does not exist on type 'PrismaService'.
src/prisma/prisma.service.ts(11,20): error TS2339: Property '$disconnect' does not exist on type 'PrismaService'.
